// Jest Snapshot v1, https://goo.gl/fbAQLP

exports[`Leagues test leagues render correctly 1`] = `
<div
  className="grid-container"
>
  <div>
    <h2
      className="heading-text"
    >
      International leagues
    </h2>
  </div>
  <div
    className="leagues"
  />
</div>
`;
